// Jest Snapshot v1, https://goo.gl/fbAQLP

exports[`>>>A C T I O N --- Test calculatorActions +++ actionCreator addInputs 1`] = `
Object {
  "input": 50,
  "type": "ADD_INPUT",
}
`;

exports[`>>>A C T I O N --- Test calculatorActions +++ actionCreator multiplyInputs 1`] = `
Object {
  "input": 31,
  "type": "MULTIPLY_INPUT",
}
`;
