// Jest Snapshot v1, https://goo.gl/fbAQLP

exports[`renders correctly 1`] = `
<div>
  <button>
    Add 300
  </button>
  <br>
    
  </br>
  <button>
    Multiply by 10
  </button>
  <br>
    
  </br>
  <div>
    0
  </div>
</div>
`;
