// Jest Snapshot v1, https://goo.gl/fbAQLP

exports[`renders correctly 1`] = `
<div>
  <div>
    Home Component
  </div>
  <Connect(CalculatorContainer) />
</div>
`;
